.title "Shelflist (Inventory)"
.category "Cataloging"
.layout labels title="Labels"
.column copyid hidden
.column bibid hidden
.column barcode_nmbr title="Barcode" sort=barcode_nmbr
.column callno title="Call Num."
.column author title=Author
.column title func=biblio_link title=Title sort=title
.column collection
.column status
.parameters
.	string call_no title="Call Number Starts With"
.       select collection title="Collection"
.               item ""
.               sql
                        select coll.code as value, coll.description as title from collection_dm coll
.               end sql
.       end select
.       select status title="Status"
.               item ""
.               sql
                        select stat.code as value, stat.description as title from biblio_status_dm stat
.               end sql
.       end select
.end parameters

.sql
	select c.*, concat_ws(' ', b.call_nmbr1, b.call_nmbr2, b.call_nmbr3) callno,
		b.title, b.author, coll.description collection, stat.description status
	from biblio_copy c, biblio b, collection_dm coll, biblio_status_dm stat
	where b.bibid=c.bibid and coll.code=b.collection_cd and stat.code=c.status_cd
.	if_set barcode
		and b.call_numbr1 ilike '%"call_no%%%'
.	end if_set
.       if_not_equal collection ""
                and b.collection_cd = %collection%
.       end if_not_equal
.       if_not_equal status ""
                and c.status_cd = %status%
.       end if_not_equal
.	order_by_expr
.end sql
